Array
(
    [station_serial] => 102
    [timestamp] => 2026-03-19 06:01:41.174749
    [temperature] => 27.139121753792665
    [humidity] => 0.0
    [pressure] => 994.7921945010826
    [light] => 0.8333333333333334
    [gas] => 2028
)
Array
(
    [station_serial] => 102
    [timestamp] => 2026-03-19 06:01:43.222167
    [temperature] => 27.137849736318664
    [humidity] => 0.0
    [pressure] => 994.7883753662936
    [light] => 0.8333333333333334
    [gas] => 2026
)
Array
(
    [station_serial] => 102
    [timestamp] => 2026-03-19 06:01:45.264532
    [temperature] => 27.139757762536487
    [humidity] => 0.0
    [pressure] => 994.7982838764952
    [light] => 0.8333333333333334
    [gas] => 2022
)
Array
(
    [station_serial] => 102
    [timestamp] => 2026-03-19 06:01:47.313796
    [temperature] => 27.142619801939965
    [humidity] => 0.0
    [pressure] => 994.7914116452288
    [light] => 0.8333333333333334
    [gas] => 2023
)
Array
(
    [station_serial] => 102
    [timestamp] => 2026-03-19 06:01:49.363377
    [temperature] => 27.14293780632381
    [humidity] => 0.0
    [pressure] => 994.773557224356
    [light] => 0.8333333333333334
    [gas] => 2021
)
Array
(
    [station_serial] => 102
    [timestamp] => 2026-03-19 06:01:51.413560
    [temperature] => 27.142619801939965
    [humidity] => 0.0
    [pressure] => 994.7763642872794
    [light] => 0.8333333333333334
    [gas] => 2022
)
Array
(
    [station_serial] => 102
    [timestamp] => 2026-03-19 06:01:53.460182
    [temperature] => 27.14293780632381
    [humidity] => 0.0
    [pressure] => 994.7785730114979
    [light] => 0.8333333333333334
    [gas] => 2022
)
Array
(
    [station_serial] => 102
    [timestamp] => 2026-03-19 06:01:55.511808
    [temperature] => 27.14738986781706
    [humidity] => 0.0
    [pressure] => 994.7760565220868
    [light] => 0.8333333333333334
    [gas] => 2022
)
Array
(
    [station_serial] => 102
    [timestamp] => 2026-03-19 06:01:57.560243
    [temperature] => 27.146753859018666
    [humidity] => 0.0
    [pressure] => 994.7749829370913
    [light] => 0.8333333333333334
    [gas] => 2020
)
Array
(
    [station_serial] => 102
    [timestamp] => 2026-03-19 06:01:59.610938
    [temperature] => 27.146435854621178
    [humidity] => 0.0
    [pressure] => 994.7777900213
    [light] => 0.8333333333333334
    [gas] => 2019
)
Array
(
    [station_serial] => 102
    [timestamp] => 2026-03-19 06:02:01.664451
    [temperature] => 27.146435854621178
    [humidity] => 0.0
    [pressure] => 994.7560548308649
    [light] => 0.8333333333333334
    [gas] => 2017
)
Array
(
    [station_serial] => 102
    [timestamp] => 2026-03-19 06:02:03.711515
    [temperature] => 27.145799845829607
    [humidity] => 0.0
    [pressure] => 994.7432777205505
    [light] => 0.8333333333333334
    [gas] => 2015
)
Array
(
    [station_serial] => 102
    [timestamp] => 2026-03-19 06:02:05.746548
    [temperature] => 27.14738986781706
    [humidity] => 0.0
    [pressure] => 994.7509774214851
    [light] => 0.8333333333333334
    [gas] => 2008
)
Array
(
    [station_serial] => 102
    [timestamp] => 2026-03-19 06:02:07.776199
    [temperature] => 27.148661885427487
    [humidity] => 0.0
    [pressure] => 994.7464367705927
    [light] => 0.8333333333333334
    [gas] => 2006
)
Array
(
    [station_serial] => 102
    [timestamp] => 2026-03-19 06:02:09.811188
    [temperature] => 27.147071863417295
    [humidity] => 0.0
    [pressure] => 994.753784519031
    [light] => 0.8333333333333334
    [gas] => 2011
)
Array
(
    [station_serial] => 102
    [timestamp] => 2026-03-19 06:02:11.850654
    [temperature] => 27.14516383704258
    [humidity] => 0.0
    [pressure] => 994.7438761011016
    [light] => 0.8333333333333334
    [gas] => 2012
)
Array
(
    [station_serial] => 102
    [timestamp] => 2026-03-19 06:02:13.892043
    [temperature] => 27.14166578879524
    [humidity] => 0.0
    [pressure] => 994.7413154096051
    [light] => 0.8333333333333334
    [gas] => 2013
)
Array
(
    [station_serial] => 102
    [timestamp] => 2026-03-19 06:02:15.932284
    [temperature] => 27.139757762536487
    [humidity] => 0.0
    [pressure] => 994.7581577772158
    [light] => 0.8333333333333334
    [gas] => 2014
)
Array
(
    [station_serial] => 102
    [timestamp] => 2026-03-19 06:02:17.973990
    [temperature] => 27.137531731953004
    [humidity] => 0.0
    [pressure] => 994.7460407054965
    [light] => 0.8333333333333334
    [gas] => 2014
)
Array
(
    [station_serial] => 102
    [timestamp] => 2026-03-19 06:02:20.015035
    [temperature] => 27.13625971450174
    [humidity] => 0.0
    [pressure] => 994.7505812192331
    [light] => 0.8333333333333334
    [gas] => 2016
)
Array
(
    [station_serial] => 102
    [timestamp] => 2026-03-19 06:02:22.055283
    [temperature] => 27.134987697068663
    [humidity] => 0.0
    [pressure] => 994.7367307385275
    [light] => 0.8333333333333334
    [gas] => 2015
)
Array
(
    [station_serial] => 102
    [timestamp] => 2026-03-19 06:02:24.096594
    [temperature] => 27.134987697068663
    [humidity] => 0.0
    [pressure] => 994.7450902690392
    [light] => 0.8333333333333334
    [gas] => 2015
)
Array
(
    [station_serial] => 102
    [timestamp] => 2026-03-19 06:02:26.138357
    [temperature] => 27.1333976753029
    [humidity] => 0.0
    [pressure] => 994.7307030473378
    [light] => 0.8333333333333334
    [gas] => 2016
)
Array
(
    [station_serial] => 102
    [timestamp] => 2026-03-19 06:02:28.179956
    [temperature] => 27.13657771886285
    [humidity] => 0.0
    [pressure] => 994.7310550803294
    [light] => 0.8333333333333334
    [gas] => 2016
)
Array
(
    [station_serial] => 102
    [timestamp] => 2026-03-19 06:02:30.220122
    [temperature] => 27.137849736318664
    [humidity] => 0.0
    [pressure] => 994.7265145266151
    [light] => 0.8333333333333334
    [gas] => 2016
)
Array
(
    [station_serial] => 102
    [timestamp] => 2026-03-19 06:02:32.259388
    [temperature] => 27.135941710141765
    [humidity] => 0.0
    [pressure] => 994.721621993262
    [light] => 0.8333333333333334
    [gas] => 2015
)
Array
(
    [station_serial] => 102
    [timestamp] => 2026-03-19 06:02:34.303816
    [temperature] => 27.135305701425228
    [humidity] => 0.0
    [pressure] => 994.7188765483891
    [light] => 0.8333333333333334
    [gas] => 2016
)
Array
(
    [station_serial] => 102
    [timestamp] => 2026-03-19 06:02:36.341260
    [temperature] => 27.135623705782926
    [humidity] => 0.0
    [pressure] => 994.7244290370805
    [light] => 0.8333333333333334
    [gas] => 2016
)
Array
(
    [station_serial] => 102
    [timestamp] => 2026-03-19 06:02:38.380639
    [temperature] => 27.13657771886285
    [humidity] => 0.0
    [pressure] => 994.7243674422247
    [light] => 0.8333333333333334
    [gas] => 2017
)
Array
(
    [station_serial] => 102
    [timestamp] => 2026-03-19 06:02:40.420710
    [temperature] => 27.13848574505339
    [humidity] => 0.0
    [pressure] => 994.7309318988661
    [light] => 0.8333333333333334
    [gas] => 2018
)
